// Jest Snapshot v1, https://goo.gl/fbAQLP

exports[`<Header /> should render correctly 1`] = `
<section
  class="ant-layout"
>
  <header
    class="ant-layout-header header"
  >
    <ul
      class="ant-menu ant-menu-light menu ant-menu-root ant-menu-horizontal"
      role="menu"
    >
      <li
        class="ant-menu-submenu ant-menu-submenu-horizontal ant-menu-overflowed-submenu"
        role="menuitem"
        style="display: none;"
      >
        <div
          aria-expanded="false"
          aria-haspopup="true"
          class="ant-menu-submenu-title"
          role="button"
        >
          <span>
            ···
          </span>
          <i
            class="ant-menu-submenu-arrow"
          />
        </div>
      </li>
      <li
        class="ant-menu-item ant-menu-item-only-child menu-item"
        role="menuitem"
      >
        HOME
      </li>
      <li
        class="ant-menu-submenu ant-menu-submenu-horizontal ant-menu-overflowed-submenu"
        role="menuitem"
        style="display: none;"
      >
        <div
          aria-expanded="false"
          aria-haspopup="true"
          class="ant-menu-submenu-title"
          role="button"
        >
          <span>
            ···
          </span>
          <i
            class="ant-menu-submenu-arrow"
          />
        </div>
      </li>
      <li
        class="ant-menu-item ant-menu-item-only-child menu-item"
        role="menuitem"
      >
        LOGIN
      </li>
      <li
        class="ant-menu-submenu ant-menu-submenu-horizontal ant-menu-overflowed-submenu"
        role="menuitem"
        style="visibility: hidden; position: absolute; display: none;"
      >
        <div
          aria-expanded="false"
          aria-haspopup="true"
          class="ant-menu-submenu-title"
          role="button"
        >
          <span>
            ···
          </span>
          <i
            class="ant-menu-submenu-arrow"
          />
        </div>
      </li>
    </ul>
  </header>
</section>
`;
